// Jest Snapshot v1, https://goo.gl/fbAQLP

exports[`invalid Credentials stay the same 1`] = `"error/INVALID_LOGIN_CREDENTIALS"`;

exports[`loggedin stays the same 1`] = `"LOGGEDIN"`;

exports[`loggedout stays the same 1`] = `"LOGGEDOUT"`;

exports[`login stays the same 1`] = `"server/LOGIN"`;

exports[`logout stays the same 1`] = `"server/LOGOUT"`;
