// Jest Snapshot v1, https://goo.gl/fbAQLP

exports[`Match renders Correctly 1`] = `
<div
  className="ur ur-4946712 rn-alignItems-1oszu61 rn-borderTopStyle-1efd50x rn-borderRightStyle-14skgim rn-borderBottomStyle-rull8r rn-borderLeftStyle-mm0ijv rn-borderTopWidth-13yce4e rn-borderRightWidth-fnigne rn-borderBottomWidth-ndvcnb rn-borderLeftWidth-gxnn5r rn-boxSizing-deolkf rn-display-6koalj rn-flexShrink-1qe8dj5 rn-flexBasis-1mlwlqe rn-flexDirection-eqz5dr rn-marginTop-1mnahxq rn-marginRight-61z16t rn-marginBottom-p1pxzi rn-marginLeft-11wrixw rn-minHeight-ifefl9 rn-minWidth-bcqeeo rn-paddingTop-wk8lta rn-paddingRight-9aemit rn-paddingBottom-1mdbw0j rn-paddingLeft-gy4na3 rn-position-bnwqim rn-zIndex-1lgpqti"
>
  <div
    className="ur ur-982a71e rn-alignItems-1oszu61 rn-borderTopStyle-1efd50x rn-borderRightStyle-14skgim rn-borderBottomStyle-rull8r rn-borderLeftStyle-mm0ijv rn-borderTopWidth-13yce4e rn-borderRightWidth-fnigne rn-borderBottomWidth-ndvcnb rn-borderLeftWidth-gxnn5r rn-boxSizing-deolkf rn-display-6koalj rn-flexShrink-1qe8dj5 rn-flexBasis-1mlwlqe rn-flexDirection-eqz5dr rn-marginTop-1mnahxq rn-marginRight-61z16t rn-marginBottom-p1pxzi rn-marginLeft-11wrixw rn-minHeight-ifefl9 rn-minWidth-bcqeeo rn-paddingTop-wk8lta rn-paddingRight-9aemit rn-paddingBottom-1mdbw0j rn-paddingLeft-gy4na3 rn-position-bnwqim rn-zIndex-1lgpqti"
    onClick={[Function]}
  >
    <div
      className="ur ur-1baabca rn-alignItems-1oszu61 rn-borderTopStyle-1efd50x rn-borderRightStyle-14skgim rn-borderBottomStyle-rull8r rn-borderLeftStyle-mm0ijv rn-borderTopWidth-13yce4e rn-borderRightWidth-fnigne rn-borderBottomWidth-ndvcnb rn-borderLeftWidth-gxnn5r rn-boxSizing-deolkf rn-display-6koalj rn-flexShrink-1qe8dj5 rn-flexBasis-1mlwlqe rn-flexDirection-eqz5dr rn-marginTop-1mnahxq rn-marginRight-61z16t rn-marginBottom-p1pxzi rn-marginLeft-11wrixw rn-minHeight-ifefl9 rn-minWidth-bcqeeo rn-paddingTop-wk8lta rn-paddingRight-9aemit rn-paddingBottom-1mdbw0j rn-paddingLeft-gy4na3 rn-position-bnwqim rn-zIndex-1lgpqti"
    >
      <a
        href="/"
        onClick={[Function]}
      >
        <style>
          .ur.ur-526994a{background-color:orange;}
        </style>
        <svg
          aria-hidden="true"
          className="svg-inline--fa fa-home fa-w-18 "
          data-icon="home"
          data-prefix="fas"
          role="img"
          style={Object {}}
          viewBox="0 0 576 512"
          xmlns="http://www.w3.org/2000/svg"
        >
          <path
            d="M488 312.7V456c0 13.3-10.7 24-24 24H348c-6.6 0-12-5.4-12-12V356c0-6.6-5.4-12-12-12h-72c-6.6 0-12 5.4-12 12v112c0 6.6-5.4 12-12 12H112c-13.3 0-24-10.7-24-24V312.7c0-3.6 1.6-7 4.4-9.3l188-154.8c4.4-3.6 10.8-3.6 15.3 0l188 154.8c2.7 2.3 4.3 5.7 4.3 9.3zm83.6-60.9L488 182.9V44.4c0-6.6-5.4-12-12-12h-56c-6.6 0-12 5.4-12 12V117l-89.5-73.7c-17.7-14.6-43.3-14.6-61 0L4.4 251.8c-5.1 4.2-5.8 11.8-1.6 16.9l25.5 31c4.2 5.1 11.8 5.8 16.9 1.6l235.2-193.7c4.4-3.6 10.8-3.6 15.3 0l235.2 193.7c5.1 4.2 12.7 3.5 16.9-1.6l25.5-31c4.2-5.2 3.4-12.7-1.7-16.9z"
            fill="currentColor"
            style={Object {}}
          />
        </svg>
      </a>
      <a
        href="/Matches"
        onClick={[Function]}
      >
        <style>
          .ur.ur-526994a{background-color:orange;}
        </style>
        All Matches
      </a>
      <a
        href="/Teams"
        onClick={[Function]}
      >
        <style>
          .ur.ur-526994a{background-color:orange;}
        </style>
        Team List
      </a>
      <style>
        .ur.ur-1baabca{flex-direction:column;}@media screen and (min-aspect-ratio: 1/1){.ur.ur-1baabca{flex-direction:row;}}
      </style>
    </div>
    <div
      className="ur ur-1baabca rn-alignItems-1oszu61 rn-borderTopStyle-1efd50x rn-borderRightStyle-14skgim rn-borderBottomStyle-rull8r rn-borderLeftStyle-mm0ijv rn-borderTopWidth-13yce4e rn-borderRightWidth-fnigne rn-borderBottomWidth-ndvcnb rn-borderLeftWidth-gxnn5r rn-boxSizing-deolkf rn-display-6koalj rn-flexShrink-1qe8dj5 rn-flexBasis-1mlwlqe rn-flexDirection-eqz5dr rn-marginTop-1mnahxq rn-marginRight-61z16t rn-marginBottom-p1pxzi rn-marginLeft-11wrixw rn-minHeight-ifefl9 rn-minWidth-bcqeeo rn-paddingTop-wk8lta rn-paddingRight-9aemit rn-paddingBottom-1mdbw0j rn-paddingLeft-gy4na3 rn-position-bnwqim rn-zIndex-1lgpqti"
    >
      <div
        className="ur ur-526994a rn-borderTopWidth-13yce4e rn-borderRightWidth-fnigne rn-borderBottomWidth-ndvcnb rn-borderLeftWidth-gxnn5r rn-boxSizing-deolkf rn-color-homxoj rn-display-1471scf rn-fontFamily-14xgk7a rn-fontSize-1b43r93 rn-fontStyle-o11vmf rn-fontVariant-ebii48 rn-fontWeight-gul640 rn-lineHeight-t9a87b rn-marginTop-1mnahxq rn-marginRight-61z16t rn-marginBottom-p1pxzi rn-marginLeft-11wrixw rn-paddingTop-wk8lta rn-paddingRight-9aemit rn-paddingBottom-1mdbw0j rn-paddingLeft-gy4na3 rn-textDecoration-bauka4 rn-whiteSpace-q42fyq rn-wordWrap-qvutc0"
        css={
          Object {
            "backgroundColor": "orange",
          }
        }
        dir="auto"
        onClick={[Function]}
      >
        <style>
          .ur.ur-526994a{background-color:orange;}
        </style>
        MorTeam
      </div>
      <a
        onClick={[Function]}
        role="button"
        tabIndex="-1"
      >
        Log In
        <svg
          aria-hidden="true"
          className="svg-inline--fa fa-sign-in-alt fa-w-16 "
          data-icon="sign-in-alt"
          data-prefix="fas"
          role="img"
          style={Object {}}
          viewBox="0 0 512 512"
          xmlns="http://www.w3.org/2000/svg"
        >
          <path
            d="M416 448h-84c-6.6 0-12-5.4-12-12v-40c0-6.6 5.4-12 12-12h84c17.7 0 32-14.3 32-32V160c0-17.7-14.3-32-32-32h-84c-6.6 0-12-5.4-12-12V76c0-6.6 5.4-12 12-12h84c53 0 96 43 96 96v192c0 53-43 96-96 96zm-47-201L201 79c-15-15-41-4.5-41 17v96H24c-13.3 0-24 10.7-24 24v96c0 13.3 10.7 24 24 24h136v96c0 21.5 26 32 41 17l168-168c9.3-9.4 9.3-24.6 0-34z"
            fill="currentColor"
            style={Object {}}
          />
        </svg>
      </a>
      <style>
        .ur.ur-1baabca{flex-direction:column;}@media screen and (min-aspect-ratio: 1/1){.ur.ur-1baabca{flex-direction:row;}}
      </style>
    </div>
    <style>
      .ur.ur-982a71e{align-items:flex-start;background-color:orange;flex-direction:column;flex-wrap:wrap;justify-content:space-between;overflow-x:hidden;transition:0.5s;visibility:hidden;width:0px;z-index:0;}@media screen and (min-aspect-ratio: 1/1){.ur.ur-982a71e{box-shadow:0px 10px 5px grey;flex-direction:row;transition:0s;visibility:visible;width:100%;z-index:1;}}@media print{.ur.ur-982a71e{height:0px;visibility:hidden;width:0px;}}
    </style>
  </div>
  <button
    className="ur ur-7bf60b1"
    css={
      Object {
        "@media print": Object {
          "border": 0,
          "height": 0,
          "margin": 0,
          "padding": 0,
          "visibility": "hidden",
          "width": 0,
        },
        "@media screen and (min-aspect-ratio: 1/1)": Object {
          "border": 0,
          "height": 0,
          "margin": 0,
          "minHeight": 0,
          "minWidth": 0,
          "padding": 0,
          "visibility": "hidden",
          "width": 0,
        },
        "backgroundColor": "orange",
        "borderColor": "black",
        "borderRadius": "40vh",
        "boxShadow": "-2.5px 2.5px 5px grey",
        "height": "3vh",
        "marginLeft": "5px",
        "marginTop": "5px",
        "minHeight": "25px",
        "minWidth": "25px",
        "position": "relative",
        "width": "3vh",
        "zIndex": 9999,
      }
    }
    onClick={[Function]}
    style={Object {}}
    type="button"
  >
    <svg
      aria-hidden="true"
      className="svg-inline--fa fa-bars fa-w-14 "
      data-icon="bars"
      data-prefix="fas"
      role="img"
      style={Object {}}
      viewBox="0 0 448 512"
      xmlns="http://www.w3.org/2000/svg"
    >
      <path
        d="M16 132h416c8.837 0 16-7.163 16-16V76c0-8.837-7.163-16-16-16H16C7.163 60 0 67.163 0 76v40c0 8.837 7.163 16 16 16zm0 160h416c8.837 0 16-7.163 16-16v-40c0-8.837-7.163-16-16-16H16c-8.837 0-16 7.163-16 16v40c0 8.837 7.163 16 16 16zm0 160h416c8.837 0 16-7.163 16-16v-40c0-8.837-7.163-16-16-16H16c-8.837 0-16 7.163-16 16v40c0 8.837 7.163 16 16 16z"
        fill="currentColor"
        style={Object {}}
      />
    </svg>
    <style>
      .ur.ur-7bf60b1{background-color:orange;border-bottom-color:black;border-bottom-left-radius:40vh;border-bottom-right-radius:40vh;border-left-color:black;border-right-color:black;border-top-color:black;border-top-left-radius:40vh;border-top-right-radius:40vh;box-shadow:-2.5px 2.5px 5px grey;height:3vh;margin-left:5px;margin-top:5px;min-height:25px;min-width:25px;position:relative;width:3vh;z-index:9999;}@media screen and (min-aspect-ratio: 1/1){.ur.ur-7bf60b1{border:0px;height:0px;margin-bottom:0px;margin-left:0px;margin-right:0px;margin-top:0px;min-height:0px;min-width:0px;padding-bottom:0px;padding-left:0px;padding-right:0px;padding-top:0px;visibility:hidden;width:0px;}}@media print{.ur.ur-7bf60b1{border:0px;height:0px;margin-bottom:0px;margin-left:0px;margin-right:0px;margin-top:0px;padding-bottom:0px;padding-left:0px;padding-right:0px;padding-top:0px;visibility:hidden;width:0px;}}
    </style>
  </button>
  <div
    className="ur ur-6113973 rn-alignItems-1oszu61 rn-borderTopStyle-1efd50x rn-borderRightStyle-14skgim rn-borderBottomStyle-rull8r rn-borderLeftStyle-mm0ijv rn-borderTopWidth-13yce4e rn-borderRightWidth-fnigne rn-borderBottomWidth-ndvcnb rn-borderLeftWidth-gxnn5r rn-boxSizing-deolkf rn-display-6koalj rn-flexShrink-1qe8dj5 rn-flexBasis-1mlwlqe rn-flexDirection-eqz5dr rn-marginTop-1mnahxq rn-marginRight-61z16t rn-marginBottom-p1pxzi rn-marginLeft-11wrixw rn-minHeight-ifefl9 rn-minWidth-bcqeeo rn-paddingTop-wk8lta rn-paddingRight-9aemit rn-paddingBottom-1mdbw0j rn-paddingLeft-gy4na3 rn-position-bnwqim rn-zIndex-1lgpqti"
    onClick={[Function]}
  >
    <div
      className="ur ur-99914b9 rn-alignItems-1oszu61 rn-borderTopStyle-1efd50x rn-borderRightStyle-14skgim rn-borderBottomStyle-rull8r rn-borderLeftStyle-mm0ijv rn-borderTopWidth-13yce4e rn-borderRightWidth-fnigne rn-borderBottomWidth-ndvcnb rn-borderLeftWidth-gxnn5r rn-boxSizing-deolkf rn-display-6koalj rn-flexShrink-1qe8dj5 rn-flexBasis-1mlwlqe rn-flexDirection-eqz5dr rn-marginTop-1mnahxq rn-marginRight-61z16t rn-marginBottom-p1pxzi rn-marginLeft-11wrixw rn-minHeight-ifefl9 rn-minWidth-bcqeeo rn-paddingTop-wk8lta rn-paddingRight-9aemit rn-paddingBottom-1mdbw0j rn-paddingLeft-gy4na3 rn-position-bnwqim rn-zIndex-1lgpqti"
    >
      <h1>
        MorScout -- Index
      </h1>
      <div
        className="Message rn-borderTopWidth-13yce4e rn-borderRightWidth-fnigne rn-borderBottomWidth-ndvcnb rn-borderLeftWidth-gxnn5r rn-boxSizing-deolkf rn-color-homxoj rn-display-1471scf rn-fontFamily-14xgk7a rn-fontSize-1b43r93 rn-fontStyle-o11vmf rn-fontVariant-ebii48 rn-fontWeight-gul640 rn-lineHeight-t9a87b rn-marginTop-1mnahxq rn-marginRight-61z16t rn-marginBottom-p1pxzi rn-marginLeft-11wrixw rn-paddingTop-wk8lta rn-paddingRight-9aemit rn-paddingBottom-1mdbw0j rn-paddingLeft-gy4na3 rn-textDecoration-bauka4 rn-whiteSpace-q42fyq rn-wordWrap-qvutc0"
        dir="auto"
        onClick={[Function]}
      >
        <span
          className="Message rn-borderTopWidth-13yce4e rn-borderRightWidth-fnigne rn-borderBottomWidth-ndvcnb rn-borderLeftWidth-gxnn5r rn-boxSizing-deolkf rn-color-homxoj rn-display-1471scf rn-fontFamily-poiln3 rn-fontSize-7cikom rn-fontStyle-o11vmf rn-fontVariant-ebii48 rn-fontWeight-gul640 rn-lineHeight-t9a87b rn-marginTop-1mnahxq rn-marginRight-61z16t rn-marginBottom-p1pxzi rn-marginLeft-11wrixw rn-paddingTop-wk8lta rn-paddingRight-9aemit rn-paddingBottom-1mdbw0j rn-paddingLeft-gy4na3 rn-textDecoration-bauka4 rn-whiteSpace-irrty rn-wordWrap-qvutc0"
          dir="auto"
        >
          Made With Fifty Shades of Orange
        </span>
      </div>
      <style>
        .ur.ur-99914b9{}
      </style>
    </div>
    <style>
      .ur.ur-6113973{background-color:white;box-shadow:-10px 0px 5px gray;flex-basis:auto;flex-grow:1;flex-shrink:1;height:100%;margin-left:-34px;padding-left:9px;position:relative;transition:0.5s;z-index:1;}@media screen and (min-aspect-ratio: 1/1){.ur.ur-6113973{margin-left:0px;transition:0s;}}
    </style>
  </div>
  <style>
    .ur.ur-4946712{flex-direction:row;height:100vh;}@media screen and (min-aspect-ratio: 1/1){.ur.ur-4946712{flex-direction:column;}}
  </style>
</div>
`;
