// Jest Snapshot v1, https://goo.gl/fbAQLP

exports[`loader renders correctly 1`] = `
<div
  className="css-view-1dbjc4n r-alignItems-1awozwy r-flex-13awgt0 r-flexDirection-18u37iz r-justifyContent-1777fci"
>
  <div
    aria-busy="true"
    className=""
    style={Object {}}
  >
    <svg
      aria-label="audio-loading"
      fill="green"
      height={80}
      viewBox="0 0 135 140"
      width={80}
      xmlns="http://www.w3.org/2000/svg"
    >
      <rect
        height="120"
        rx="6"
        width="15"
        y="10"
      >
        <animate
          attributeName="height"
          begin="0.5s"
          calcMode="linear"
          dur="1s"
          repeatCount="indefinite"
          values="120;110;100;90;80;70;60;50;40;140;120"
        />
        <animate
          attributeName="y"
          begin="0.5s"
          calcMode="linear"
          dur="1s"
          repeatCount="indefinite"
          values="10;15;20;25;30;35;40;45;50;0;10"
        />
      </rect>
      <rect
        height="120"
        rx="6"
        width="15"
        x="30"
        y="10"
      >
        <animate
          attributeName="height"
          begin="0.25s"
          calcMode="linear"
          dur="1s"
          repeatCount="indefinite"
          values="120;110;100;90;80;70;60;50;40;140;120"
        />
        <animate
          attributeName="y"
          begin="0.25s"
          calcMode="linear"
          dur="1s"
          repeatCount="indefinite"
          values="10;15;20;25;30;35;40;45;50;0;10"
        />
      </rect>
      <rect
        height="140"
        rx="6"
        width="15"
        x="60"
      >
        <animate
          attributeName="height"
          begin="0s"
          calcMode="linear"
          dur="1s"
          repeatCount="indefinite"
          values="120;110;100;90;80;70;60;50;40;140;120"
        />
        <animate
          attributeName="y"
          begin="0s"
          calcMode="linear"
          dur="1s"
          repeatCount="indefinite"
          values="10;15;20;25;30;35;40;45;50;0;10"
        />
      </rect>
      <rect
        height="120"
        rx="6"
        width="15"
        x="90"
        y="10"
      >
        <animate
          attributeName="height"
          begin="0.25s"
          calcMode="linear"
          dur="1s"
          repeatCount="indefinite"
          values="120;110;100;90;80;70;60;50;40;140;120"
        />
        <animate
          attributeName="y"
          begin="0.25s"
          calcMode="linear"
          dur="1s"
          repeatCount="indefinite"
          values="10;15;20;25;30;35;40;45;50;0;10"
        />
      </rect>
      <rect
        height="120"
        rx="6"
        width="15"
        x="120"
        y="10"
      >
        <animate
          attributeName="height"
          begin="0.5s"
          calcMode="linear"
          dur="1s"
          repeatCount="indefinite"
          values="120;110;100;90;80;70;60;50;40;140;120"
        />
        <animate
          attributeName="y"
          begin="0.5s"
          calcMode="linear"
          dur="1s"
          repeatCount="indefinite"
          values="10;15;20;25;30;35;40;45;50;0;10"
        />
      </rect>
    </svg>
  </div>
</div>
`;
